// Jest Snapshot v1, https://goo.gl/fbAQLP

exports[`Header renders correctly 1`] = `
<header>
  <h1>
    Horned Creatures
  </h1>
</header>
`;

exports[`ImageItem renders a UniWhal 1`] = `
<li>
  <div
    className="card-image"
  >
    <img
      alt="UniWhal"
      src="http://3.bp.blogspot.com/_DBYF1AdFaHw/TE-f0cDQ24I/AAAAAAAACZg/l-FdTZ6M7z8/s1600/Unicorn_and_Narwhal_by_dinglehopper.jpg"
    />
  </div>
  <div
    className="card-text"
  >
    <h3>
      UniWhal
    </h3>
    <p>
      A unicorn and a narwhal nuzzling their horns
    </p>
    <p>
      Horns: 
      1
    </p>
  </div>
</li>
`;
